[09:37:15.434][info] [#0:/Users/kzzzl/.config/emacs/.cache/lsp/lua-language-server/main.lua:71]: Lua Lsp startup, root: 	/Users/kzzzl/.config/emacs/.cache/lsp/lua-language-server
[09:37:15.434][info] [#0:/Users/kzzzl/.config/emacs/.cache/lsp/lua-language-server/main.lua:72]: ROOT:	/Users/kzzzl/.config/emacs/.cache/lsp/lua-language-server
[09:37:15.434][info] [#0:/Users/kzzzl/.config/emacs/.cache/lsp/lua-language-server/main.lua:73]: LOGPATH:	/Users/kzzzl/.config/emacs/.cache/lsp/lua-language-server/log
[09:37:15.434][info] [#0:/Users/kzzzl/.config/emacs/.cache/lsp/lua-language-server/main.lua:74]: METAPATH:	/Users/kzzzl/.config/emacs/.cache/lsp/lua-language-server/meta
[09:37:15.435][info] [#0:/Users/kzzzl/.config/emacs/.cache/lsp/lua-language-server/main.lua:75]: VERSION:	3.19.1
[09:37:15.464][info] [#0:script/proto/proto.lua:260]: Listen Mode: stdio
[09:37:15.464][info] [#0:script/service/service.lua:145]: 
========= Medical Examination Report =========
    --------------- Memory ---------------
        Total: 1.849 MB
        # 00 : 1.849 MB
        # 01 : 0.000 MB
        # 02 : 0.000 MB
        # 03 : 0.000 MB
        # 04 : 0.000 MB
    --------------- Coroutine ---------------
        Total:     0
        Running:   0
        Suspended: 0
        Normal:    0
        Dead:      0
    --------------- Cache ---------------
        Total: 1
        Dead:  0
    ---------------  RPC  ---------------
        Holdon:   0
        Waiting:  0
==============================================
[09:37:15.468][info] [#0:script/client.lua:657]: Client init	{
  capabilities = {
    general = {
      positionEncodings = { "utf-32", "utf-8", "utf-16" }
    },
    textDocument = {
      callHierarchy = {
        dynamicRegistration = false
      },
      codeAction = {
        codeActionLiteralSupport = {
          codeActionKind = {
            valueSet = { "", "quickfix", "refactor", "refactor.extract", "refactor.inline", "refactor.rewrite", "source", "source.organizeImports" }
          }
        },
        dataSupport = true,
        dynamicRegistration = true,
        isPreferredSupport = true,
        resolveSupport = {
          properties = { "edit", "command" }
        }
      },
      completion = {
        completionItem = {
          deprecatedSupport = true,
          documentationFormat = { "markdown", "plaintext" },
          insertReplaceSupport = true,
          insertTextModeSupport = {
            valueSet = { 1, 2 }
          },
          labelDetailsSupport = true,
          resolveAdditionalTextEditsSupport = true,
          resolveSupport = {
            properties = { "documentation", "detail", "additionalTextEdits", "command" }
          },
          snippetSupport = true
        },
        contextSupport = true,
        dynamicRegistration = true
      },
      declaration = {
        dynamicRegistration = true,
        linkSupport = true
      },
      definition = {
        dynamicRegistration = true,
        linkSupport = true
      },
      diagnostic = {
        dynamicRegistration = false,
        relatedDocumentSupport = false
      },
      documentLink = {
        dynamicRegistration = true,
        tooltipSupport = true
      },
      documentSymbol = {
        hierarchicalDocumentSymbolSupport = true,
        symbolKind = {
          valueSet = { 1, 2, 3, 4, 5, 6, 7, 8, 9, 10, 11, 12, 13, 14, 15, 16, 17, 18, 19, 20, 21, 22, 23, 24, 25, 26 }
        }
      },
      foldingRange = {
        dynamicRegistration = true
      },
      formatting = {
        dynamicRegistration = true
      },
      hover = {
        contentFormat = { "markdown", "plaintext" },
        dynamicRegistration = true
      },
      implementation = {
        dynamicRegistration = true,
        linkSupport = true
      },
      linkedEditingRange = {
        dynamicRegistration = true
      },
      onTypeFormatting = {
        dynamicRegistration = true
      },
      publishDiagnostics = {
        relatedInformation = true,
        tagSupport = {
          valueSet = { 1, 2 }
        },
        versionSupport = true
      },
      rangeFormatting = {
        dynamicRegistration = true
      },
      references = {
        dynamicRegistration = true
      },
      rename = {
        dynamicRegistration = true,
        prepareSupport = true
      },
      selectionRange = {
        dynamicRegistration = true
      },
      signatureHelp = {
        dynamicRegistration = true,
        signatureInformation = {
          activeParameterSupport = true,
          parameterInformation = {
            labelOffsetSupport = true
          }
        }
      },
      synchronization = {
        didSave = true,
        willSave = true,
        willSaveWaitUntil = true
      },
      typeDefinition = {
        dynamicRegistration = true,
        linkSupport = true
      },
      typeHierarchy = {
        dynamicRegistration = true
      }
    },
    window = {
      showDocument = {
        support = true
      },
      workDoneProgress = true
    },
    workspace = {
      applyEdit = true,
      codeLens = {
        refreshSupport = true
      },
      configuration = true,
      diagnostics = {
        refreshSupport = false
      },
      didChangeWatchedFiles = {
        dynamicRegistration = true
      },
      executeCommand = {
        dynamicRegistration = false
      },
      fileOperations = {
        didCreate = false,
        didDelete = false,
        didRename = true,
        willCreate = false,
        willDelete = false,
        willRename = true
      },
      symbol = {
        symbolKind = {
          valueSet = { 1, 2, 3, 4, 5, 6, 7, 8, 9, 10, 11, 12, 13, 14, 15, 16, 17, 18, 19, 20, 21, 22, 23, 24, 25, 26 }
        }
      },
      workspaceEdit = {
        documentChanges = true,
        resourceOperations = { "create", "rename", "delete" }
      },
      workspaceFolders = true
    }
  },
  clientInfo = {
    name = "emacs",
    version = "GNU Emacs 29.4 (build 1, aarch64-apple-darwin24.5.0, Carbon Version 170 AppKit 2575.6)\n of 2025-06-10"
  },
  processId = 57852,
  rootPath = "/Users/kzzzl/test",
  rootUri = "file:///Users/kzzzl/test",
  workDoneToken = "1",
  workspaceFolders = { {
      name = "test",
      uri = "file:///Users/kzzzl/test"
    } }
}
[09:37:15.468][info] [#0:script/language.lua:137]: VSC language: nil
[09:37:15.468][info] [#0:script/language.lua:138]: LS  language: en-us
[09:37:15.468][info] [#0:script/workspace/workspace.lua:38]: Workspace init root: 	file:///Users/kzzzl/test
[09:37:15.468][info] [#0:script/workspace/workspace.lua:42]: Log path: 	/Users/kzzzl/.config/emacs/.cache/lsp/lua-language-server/log/file_Users_kzzzl_test.log
